ARM Linker, 5.03 [Build 24] [MDK-ARM Professional][RL-ARM]

==============================================================================

Section Cross References

    startup_lpc17xx.o(STACK) refers (Special) to heapauxi.o(.text) for __use_two_region_memory
    startup_lpc17xx.o(HEAP) refers (Special) to heapauxi.o(.text) for __use_two_region_memory
    startup_lpc17xx.o(RESET) refers (Special) to heapauxi.o(.text) for __use_two_region_memory
    startup_lpc17xx.o(RESET) refers to startup_lpc17xx.o(STACK) for __initial_sp
    startup_lpc17xx.o(RESET) refers to startup_lpc17xx.o(.text) for Reset_Handler
    startup_lpc17xx.o(RESET) refers to main.o(.text) for SysTick_Handler
    startup_lpc17xx.o(.ARM.__at_0x02FC) refers (Special) to heapauxi.o(.text) for __use_two_region_memory
    startup_lpc17xx.o(.text) refers (Special) to heapauxi.o(.text) for __use_two_region_memory
    startup_lpc17xx.o(.text) refers to system_lpc17xx.o(.text) for SystemInit
    startup_lpc17xx.o(.text) refers to __main.o(!!!main) for __main
    startup_lpc17xx.o(.text) refers to startup_lpc17xx.o(HEAP) for Heap_Mem
    startup_lpc17xx.o(.text) refers to startup_lpc17xx.o(STACK) for Stack_Mem
    system_lpc17xx.o(.text) refers to lludivv7m.o(.text) for __aeabi_uldivmod
    system_lpc17xx.o(.text) refers to system_lpc17xx.o(.data) for SystemCoreClock
    glcd_spi_lpc1700.o(.text) refers to glcd_spi_lpc1700.o(.emb_text) for wait
    glcd_spi_lpc1700.o(.text) refers to glcd_spi_lpc1700.o(.data) for driverCode
    glcd_spi_lpc1700.o(.text) refers to glcd_spi_lpc1700.o(.constdata) for Font_6x8_h
    touchpanel.o(.text) refers to rt_memclr_w.o(.text) for __aeabi_memclr4
    touchpanel.o(.text) refers to dflt_clz.o(x$fpl$dflt) for __aeabi_i2d
    touchpanel.o(.text) refers to deqf.o(x$fpl$deqf) for __aeabi_cdcmpeq
    touchpanel.o(.text) refers to touchpanel.o(.data) for screen
    touchpanel.o(.text) refers to dflt_clz.o(x$fpl$dfltu) for __aeabi_ui2d
    touchpanel.o(.text) refers to dmul.o(x$fpl$dmul) for __aeabi_dmul
    touchpanel.o(.text) refers to daddsub_clz.o(x$fpl$dadd) for __aeabi_dadd
    touchpanel.o(.text) refers to ddiv.o(x$fpl$ddiv) for __aeabi_ddiv
    touchpanel.o(.text) refers to dfixu.o(x$fpl$dfixu) for __aeabi_d2uiz
    ht24lc.o(.text) refers to lpc17xx_pinsel.o(.text) for PINSEL_ConfigPin
    ht24lc.o(.text) refers to lpc17xx_i2c.o(.text) for I2C_Init
    lpc17xx_i2c.o(.text) refers to lpc17xx_clkpwr.o(.text) for CLKPWR_GetPCLK
    lpc17xx_i2c.o(.text) refers to lpc17xx_i2c.o(.bss) for i2cdat
    lpc17xx_i2c.o(.text) refers to lpc17xx_i2c.o(.data) for I2C_MonitorBufferIndex
    lpc17xx_clkpwr.o(.text) refers to system_lpc17xx.o(.data) for SystemCoreClock
    main.o(.text) refers to _printf_pad.o(.text) for _printf_pre_padding
    main.o(.text) refers to _printf_percent.o(.ARM.Collect$$_printf_percent$$00000000) for _printf_percent
    main.o(.text) refers to _printf_d.o(.ARM.Collect$$_printf_percent$$00000009) for _printf_d
    main.o(.text) refers to _printf_dec.o(.text) for _printf_int_dec
    main.o(.text) refers to ht24lc.o(.text) for I2C0_Init
    main.o(.text) refers to glcd_spi_lpc1700.o(.text) for GLCD_Init
    main.o(.text) refers to touchpanel.o(.text) for TP_Init
    main.o(.text) refers to noretval__2sprintf.o(.text) for __2sprintf
    main.o(.text) refers to main.o(.data) for SysTickCnt
    main.o(.text) refers to system_lpc17xx.o(.data) for SystemCoreClock
    main.o(.text) refers to main.o(.bss) for matrix2
    main.o(.text) refers to touchpanel.o(.bss) for ScreenSample
    main.o(.text) refers to touchpanel.o(.data) for DisplaySample
    __2sprintf.o(.text) refers to _printf_char_common.o(.text) for _printf_char_common
    __2sprintf.o(.text) refers to _sputc.o(.text) for _sputc
    noretval__2sprintf.o(.text) refers to _printf_char_common.o(.text) for _printf_char_common
    noretval__2sprintf.o(.text) refers to _sputc.o(.text) for _sputc
    __printf.o(.text) refers to _printf_percent.o(.ARM.Collect$$_printf_percent$$00000000) for _printf_percent
    _printf_dec.o(.text) refers to _printf_intcommon.o(.text) for _printf_int_common
    __printf_flags.o(.text) refers to _printf_percent.o(.ARM.Collect$$_printf_percent$$00000000) for _printf_percent
    __printf_flags.o(.text) refers to __printf_flags.o(.constdata) for .constdata
    __printf_ss.o(.text) refers to _printf_percent.o(.ARM.Collect$$_printf_percent$$00000000) for _printf_percent
    __printf_flags_ss.o(.text) refers to _printf_percent.o(.ARM.Collect$$_printf_percent$$00000000) for _printf_percent
    __printf_flags_ss.o(.text) refers to __printf_flags_ss.o(.constdata) for .constdata
    __printf_wp.o(.text) refers to __printf_wp.o(i._is_digit) for _is_digit
    __printf_wp.o(.text) refers to _printf_percent.o(.ARM.Collect$$_printf_percent$$00000000) for _printf_percent
    __printf_flags_wp.o(.text) refers to __printf_wp.o(i._is_digit) for _is_digit
    __printf_flags_wp.o(.text) refers to _printf_percent.o(.ARM.Collect$$_printf_percent$$00000000) for _printf_percent
    __printf_flags_wp.o(.text) refers to __printf_flags_wp.o(.constdata) for .constdata
    __printf_ss_wp.o(.text) refers to __printf_wp.o(i._is_digit) for _is_digit
    __printf_ss_wp.o(.text) refers to _printf_percent.o(.ARM.Collect$$_printf_percent$$00000000) for _printf_percent
    __printf_flags_ss_wp.o(.text) refers to __printf_wp.o(i._is_digit) for _is_digit
    __printf_flags_ss_wp.o(.text) refers to _printf_percent.o(.ARM.Collect$$_printf_percent$$00000000) for _printf_percent
    __printf_flags_ss_wp.o(.text) refers to __printf_flags_ss_wp.o(.constdata) for .constdata
    _printf_d.o(.ARM.Collect$$_printf_percent$$00000009) refers (Weak) to _printf_dec.o(.text) for _printf_int_dec
    _printf_percent.o(.ARM.Collect$$_printf_percent$$00000000) refers (Special) to _printf_percent_end.o(.ARM.Collect$$_printf_percent$$00000017) for _printf_percent_end
    __main.o(!!!main) refers to rtentry.o(.ARM.Collect$$rtentry$$00000000) for __rt_entry
    daddsub_clz.o(x$fpl$dadd) refers (Special) to usenofp.o(x$fpl$usenofp) for __I$use$fp
    daddsub_clz.o(x$fpl$dadd) refers to daddsub_clz.o(x$fpl$dsub) for _dsub1
    daddsub_clz.o(x$fpl$dadd) refers to dretinf.o(x$fpl$dretinf) for __fpl_dretinf
    daddsub_clz.o(x$fpl$dadd) refers to dnaninf.o(x$fpl$dnaninf) for __fpl_dnaninf
    daddsub_clz.o(x$fpl$drsb) refers (Special) to usenofp.o(x$fpl$usenofp) for __I$use$fp
    daddsub_clz.o(x$fpl$drsb) refers to daddsub_clz.o(x$fpl$dadd) for _dadd1
    daddsub_clz.o(x$fpl$drsb) refers to daddsub_clz.o(x$fpl$dsub) for _dsub1
    daddsub_clz.o(x$fpl$dsub) refers (Special) to usenofp.o(x$fpl$usenofp) for __I$use$fp
    daddsub_clz.o(x$fpl$dsub) refers to daddsub_clz.o(x$fpl$dadd) for _dadd1
    daddsub_clz.o(x$fpl$dsub) refers to dnaninf.o(x$fpl$dnaninf) for __fpl_dnaninf
    ddiv.o(x$fpl$drdiv) refers (Special) to usenofp.o(x$fpl$usenofp) for __I$use$fp
    ddiv.o(x$fpl$drdiv) refers to ddiv.o(x$fpl$ddiv) for ddiv_entry
    ddiv.o(x$fpl$ddiv) refers (Special) to usenofp.o(x$fpl$usenofp) for __I$use$fp
    ddiv.o(x$fpl$ddiv) refers to dretinf.o(x$fpl$dretinf) for __fpl_dretinf
    ddiv.o(x$fpl$ddiv) refers to dnaninf.o(x$fpl$dnaninf) for __fpl_dnaninf
    deqf.o(x$fpl$deqf) refers (Special) to usenofp.o(x$fpl$usenofp) for __I$use$fp
    deqf.o(x$fpl$deqf) refers to dnaninf.o(x$fpl$dnaninf) for __fpl_dnaninf
    deqf.o(x$fpl$deqf) refers to dcmpi.o(x$fpl$dcmpinf) for __fpl_dcmp_Inf
    dfixu.o(x$fpl$dfixu) refers (Special) to usenofp.o(x$fpl$usenofp) for __I$use$fp
    dfixu.o(x$fpl$dfixu) refers to dnaninf.o(x$fpl$dnaninf) for __fpl_dnaninf
    dfixu.o(x$fpl$dfixur) refers (Special) to usenofp.o(x$fpl$usenofp) for __I$use$fp
    dfixu.o(x$fpl$dfixur) refers to dnaninf.o(x$fpl$dnaninf) for __fpl_dnaninf
    dflt_clz.o(x$fpl$dfltu) refers (Special) to usenofp.o(x$fpl$usenofp) for __I$use$fp
    dflt_clz.o(x$fpl$dflt) refers (Special) to usenofp.o(x$fpl$usenofp) for __I$use$fp
    dflt_clz.o(x$fpl$dfltn) refers (Special) to usenofp.o(x$fpl$usenofp) for __I$use$fp
    dmul.o(x$fpl$dmul) refers (Special) to usenofp.o(x$fpl$usenofp) for __I$use$fp
    dmul.o(x$fpl$dmul) refers to dretinf.o(x$fpl$dretinf) for __fpl_dretinf
    dmul.o(x$fpl$dmul) refers to dnaninf.o(x$fpl$dnaninf) for __fpl_dnaninf
    rtentry.o(.ARM.Collect$$rtentry$$00000000) refers (Special) to rtentry2.o(.ARM.Collect$$rtentry$$0000000A) for __rt_entry_li
    rtentry.o(.ARM.Collect$$rtentry$$00000000) refers (Special) to rtentry2.o(.ARM.Collect$$rtentry$$0000000D) for __rt_entry_main
    rtentry.o(.ARM.Collect$$rtentry$$00000000) refers (Special) to rtentry2.o(.ARM.Collect$$rtentry$$0000000C) for __rt_entry_postli_1
    rtentry.o(.ARM.Collect$$rtentry$$00000000) refers (Special) to rtentry2.o(.ARM.Collect$$rtentry$$00000009) for __rt_entry_postsh_1
    rtentry.o(.ARM.Collect$$rtentry$$00000000) refers (Special) to rtentry2.o(.ARM.Collect$$rtentry$$00000002) for __rt_entry_presh_1
    rtentry.o(.ARM.Collect$$rtentry$$00000000) refers (Special) to rtentry4.o(.ARM.Collect$$rtentry$$00000004) for __rt_entry_sh
    aeabi_ldiv0_sigfpe.o(.text) refers to rt_div0.o(.text) for __rt_div0
    _printf_intcommon.o(.text) refers (Weak) to _printf_pad.o(.text) for _printf_pre_padding
    _printf_intcommon.o(.text) refers (Weak) to _printf_pad.o(.text) for _printf_pre_padding
    _printf_intcommon.o(.text) refers (Weak) to _printf_pad.o(.text) for _printf_post_padding
    _printf_char_common.o(.text) refers to __printf_wp.o(.text) for __printf
    dcmpi.o(x$fpl$dcmpinf) refers (Special) to usenofp.o(x$fpl$usenofp) for __I$use$fp
    dnaninf.o(x$fpl$dnaninf) refers (Special) to usenofp.o(x$fpl$usenofp) for __I$use$fp
    dretinf.o(x$fpl$dretinf) refers (Special) to usenofp.o(x$fpl$usenofp) for __I$use$fp
    rtentry2.o(.ARM.Collect$$rtentry$$00000008) refers to boardinit2.o(.text) for _platform_post_stackheap_init
    rtentry2.o(.ARM.Collect$$rtentry$$0000000A) refers to libinit.o(.ARM.Collect$$libinit$$00000000) for __rt_lib_init
    rtentry2.o(.ARM.Collect$$rtentry$$0000000B) refers to boardinit3.o(.text) for _platform_post_lib_init
    rtentry2.o(.ARM.Collect$$rtentry$$0000000D) refers to main.o(.text) for main
    rtentry2.o(.ARM.Collect$$rtentry$$0000000D) refers to exit.o(.text) for exit
    rtentry2.o(.ARM.exidx) refers to rtentry2.o(.ARM.Collect$$rtentry$$00000001) for .ARM.Collect$$rtentry$$00000001
    rtentry2.o(.ARM.exidx) refers to rtentry2.o(.ARM.Collect$$rtentry$$00000008) for .ARM.Collect$$rtentry$$00000008
    rtentry2.o(.ARM.exidx) refers to rtentry2.o(.ARM.Collect$$rtentry$$0000000A) for .ARM.Collect$$rtentry$$0000000A
    rtentry2.o(.ARM.exidx) refers to rtentry2.o(.ARM.Collect$$rtentry$$0000000B) for .ARM.Collect$$rtentry$$0000000B
    rtentry2.o(.ARM.exidx) refers to rtentry2.o(.ARM.Collect$$rtentry$$0000000D) for .ARM.Collect$$rtentry$$0000000D
    rtentry4.o(.ARM.Collect$$rtentry$$00000004) refers to sys_stackheap_outer.o(.text) for __user_setup_stackheap
    rtentry4.o(.ARM.exidx) refers to rtentry4.o(.ARM.Collect$$rtentry$$00000004) for .ARM.Collect$$rtentry$$00000004
    rt_div0.o(.text) refers to defsig_fpe_outer.o(.text) for __rt_SIGFPE
    sys_stackheap_outer.o(.text) refers to libspace.o(.text) for __user_perproc_libspace
    sys_stackheap_outer.o(.text) refers to startup_lpc17xx.o(.text) for __user_initial_stackheap
    exit.o(.text) refers to rtexit.o(.ARM.Collect$$rtexit$$00000000) for __rt_exit
    defsig_fpe_outer.o(.text) refers to defsig_fpe_inner.o(.text) for __rt_SIGFPE_inner
    defsig_fpe_outer.o(.text) refers to defsig_exit.o(.text) for __sig_exit
    defsig_fpe_formal.o(.text) refers to rt_raise.o(.text) for __rt_raise
    libinit.o(.ARM.Collect$$libinit$$00000000) refers (Special) to libinit2.o(.ARM.Collect$$libinit$$0000002C) for __rt_lib_init_alloca_1
    libinit.o(.ARM.Collect$$libinit$$00000000) refers (Special) to libinit2.o(.ARM.Collect$$libinit$$0000002A) for __rt_lib_init_argv_1
    libinit.o(.ARM.Collect$$libinit$$00000000) refers (Special) to libinit2.o(.ARM.Collect$$libinit$$00000019) for __rt_lib_init_atexit_1
    libinit.o(.ARM.Collect$$libinit$$00000000) refers (Special) to libinit2.o(.ARM.Collect$$libinit$$0000001F) for __rt_lib_init_clock_1
    libinit.o(.ARM.Collect$$libinit$$00000000) refers (Special) to libinit2.o(.ARM.Collect$$libinit$$00000030) for __rt_lib_init_cpp_1
    libinit.o(.ARM.Collect$$libinit$$00000000) refers (Special) to libinit2.o(.ARM.Collect$$libinit$$0000002E) for __rt_lib_init_exceptions_1
    libinit.o(.ARM.Collect$$libinit$$00000000) refers (Special) to libinit2.o(.ARM.Collect$$libinit$$00000002) for __rt_lib_init_fp_1
    libinit.o(.ARM.Collect$$libinit$$00000000) refers (Special) to libinit2.o(.ARM.Collect$$libinit$$0000001D) for __rt_lib_init_fp_trap_1
    libinit.o(.ARM.Collect$$libinit$$00000000) refers (Special) to libinit2.o(.ARM.Collect$$libinit$$00000021) for __rt_lib_init_getenv_1
    libinit.o(.ARM.Collect$$libinit$$00000000) refers (Special) to libinit2.o(.ARM.Collect$$libinit$$00000008) for __rt_lib_init_heap_1
    libinit.o(.ARM.Collect$$libinit$$00000000) refers (Special) to libinit2.o(.ARM.Collect$$libinit$$0000000F) for __rt_lib_init_lc_collate_1
    libinit.o(.ARM.Collect$$libinit$$00000000) refers (Special) to libinit2.o(.ARM.Collect$$libinit$$00000011) for __rt_lib_init_lc_ctype_1
    libinit.o(.ARM.Collect$$libinit$$00000000) refers (Special) to libinit2.o(.ARM.Collect$$libinit$$00000013) for __rt_lib_init_lc_monetary_1
    libinit.o(.ARM.Collect$$libinit$$00000000) refers (Special) to libinit2.o(.ARM.Collect$$libinit$$00000015) for __rt_lib_init_lc_numeric_1
    libinit.o(.ARM.Collect$$libinit$$00000000) refers (Special) to libinit2.o(.ARM.Collect$$libinit$$00000017) for __rt_lib_init_lc_time_1
    libinit.o(.ARM.Collect$$libinit$$00000000) refers (Special) to libinit2.o(.ARM.Collect$$libinit$$0000000C) for __rt_lib_init_rand_1
    libinit.o(.ARM.Collect$$libinit$$00000000) refers (Special) to libinit2.o(.ARM.Collect$$libinit$$00000031) for __rt_lib_init_return
    libinit.o(.ARM.Collect$$libinit$$00000000) refers (Special) to libinit2.o(.ARM.Collect$$libinit$$0000001B) for __rt_lib_init_signal_1
    libinit.o(.ARM.Collect$$libinit$$00000000) refers (Special) to libinit2.o(.ARM.Collect$$libinit$$00000023) for __rt_lib_init_stdio_1
    libinit.o(.ARM.Collect$$libinit$$00000000) refers (Special) to libinit2.o(.ARM.Collect$$libinit$$0000000A) for __rt_lib_init_user_alloc_1
    libspace.o(.text) refers to libspace.o(.bss) for __libspace_start
    rtexit.o(.ARM.Collect$$rtexit$$00000000) refers (Special) to rtexit2.o(.ARM.Collect$$rtexit$$00000004) for __rt_exit_exit
    rtexit.o(.ARM.Collect$$rtexit$$00000000) refers (Special) to rtexit2.o(.ARM.Collect$$rtexit$$00000003) for __rt_exit_ls
    rtexit.o(.ARM.Collect$$rtexit$$00000000) refers (Special) to rtexit2.o(.ARM.Collect$$rtexit$$00000002) for __rt_exit_prels_1
    rtexit.o(.ARM.exidx) refers (Special) to rtexit2.o(.ARM.Collect$$rtexit$$00000004) for __rt_exit_exit
    rtexit.o(.ARM.exidx) refers (Special) to rtexit2.o(.ARM.Collect$$rtexit$$00000003) for __rt_exit_ls
    rtexit.o(.ARM.exidx) refers (Special) to rtexit2.o(.ARM.Collect$$rtexit$$00000002) for __rt_exit_prels_1
    rtexit.o(.ARM.exidx) refers to rtexit.o(.ARM.Collect$$rtexit$$00000000) for .ARM.Collect$$rtexit$$00000000
    rt_raise.o(.text) refers to __raise.o(.text) for __raise
    rt_raise.o(.text) refers to sys_exit.o(.text) for _sys_exit
    defsig_exit.o(.text) refers to sys_exit.o(.text) for _sys_exit
    defsig_fpe_inner.o(.text) refers to defsig_general.o(.text) for __default_signal_display
    libinit2.o(.ARM.Collect$$libinit$$0000000E) refers to libinit2.o(.ARM.Collect$$libinit$$0000000D) for .ARM.Collect$$libinit$$0000000D
    libinit2.o(.ARM.Collect$$libinit$$00000010) refers to libinit2.o(.ARM.Collect$$libinit$$0000000D) for .ARM.Collect$$libinit$$0000000D
    libinit2.o(.ARM.Collect$$libinit$$00000012) refers to libinit2.o(.ARM.Collect$$libinit$$0000000D) for .ARM.Collect$$libinit$$0000000D
    libinit2.o(.ARM.Collect$$libinit$$00000014) refers to libinit2.o(.ARM.Collect$$libinit$$0000000D) for .ARM.Collect$$libinit$$0000000D
    libinit2.o(.ARM.Collect$$libinit$$00000016) refers to libinit2.o(.ARM.Collect$$libinit$$0000000D) for .ARM.Collect$$libinit$$0000000D
    libinit2.o(.ARM.Collect$$libinit$$00000024) refers to argv_veneer.o(.emb_text) for __ARM_argv_veneer
    libinit2.o(.ARM.Collect$$libinit$$00000025) refers to argv_veneer.o(.emb_text) for __ARM_argv_veneer
    sys_exit.o(.text) refers (Special) to use_no_semi.o(.text) for __I$use$semihosting
    sys_exit.o(.text) refers (Special) to indicate_semi.o(.text) for __semihosting_library_function
    rtexit2.o(.ARM.Collect$$rtexit$$00000003) refers to libshutdown.o(.ARM.Collect$$libshutdown$$00000000) for __rt_lib_shutdown
    rtexit2.o(.ARM.Collect$$rtexit$$00000004) refers to sys_exit.o(.text) for _sys_exit
    rtexit2.o(.ARM.exidx) refers to rtexit2.o(.ARM.Collect$$rtexit$$00000001) for .ARM.Collect$$rtexit$$00000001
    rtexit2.o(.ARM.exidx) refers to rtexit2.o(.ARM.Collect$$rtexit$$00000003) for .ARM.Collect$$rtexit$$00000003
    rtexit2.o(.ARM.exidx) refers to rtexit2.o(.ARM.Collect$$rtexit$$00000004) for .ARM.Collect$$rtexit$$00000004
    __raise.o(.text) refers to defsig.o(CL$$defsig) for __default_signal_handler
    defsig_general.o(.text) refers to sys_wrch.o(.text) for _ttywrch
    argv_veneer.o(.emb_text) refers to no_argv.o(.text) for __ARM_get_argv
    sys_wrch.o(.text) refers (Special) to use_no_semi.o(.text) for __I$use$semihosting
    sys_wrch.o(.text) refers (Special) to indicate_semi.o(.text) for __semihosting_library_function
    defsig.o(CL$$defsig) refers to defsig_fpe_inner.o(.text) for __rt_SIGFPE_inner
    defsig.o(CL$$defsig) refers to defsig_rtmem_inner.o(.text) for __rt_SIGRTMEM_inner
    _get_argv_nomalloc.o(.text) refers (Special) to hrguard.o(.text) for __heap_region$guard
    _get_argv_nomalloc.o(.text) refers to defsig_rtmem_outer.o(.text) for __rt_SIGRTMEM
    _get_argv_nomalloc.o(.text) refers to sys_command.o(.text) for _sys_command_string
    libshutdown.o(.ARM.Collect$$libshutdown$$00000000) refers (Special) to libshutdown2.o(.ARM.Collect$$libshutdown$$00000006) for __rt_lib_shutdown_fp_trap_1
    libshutdown.o(.ARM.Collect$$libshutdown$$00000000) refers (Special) to libshutdown2.o(.ARM.Collect$$libshutdown$$0000000E) for __rt_lib_shutdown_heap_1
    libshutdown.o(.ARM.Collect$$libshutdown$$00000000) refers (Special) to libshutdown2.o(.ARM.Collect$$libshutdown$$0000000F) for __rt_lib_shutdown_return
    libshutdown.o(.ARM.Collect$$libshutdown$$00000000) refers (Special) to libshutdown2.o(.ARM.Collect$$libshutdown$$00000009) for __rt_lib_shutdown_signal_1
    libshutdown.o(.ARM.Collect$$libshutdown$$00000000) refers (Special) to libshutdown2.o(.ARM.Collect$$libshutdown$$00000003) for __rt_lib_shutdown_stdio_1
    libshutdown.o(.ARM.Collect$$libshutdown$$00000000) refers (Special) to libshutdown2.o(.ARM.Collect$$libshutdown$$0000000B) for __rt_lib_shutdown_user_alloc_1
    sys_command.o(.text) refers (Special) to use_no_semi.o(.text) for __I$use$semihosting
    sys_command.o(.text) refers (Special) to indicate_semi.o(.text) for __semihosting_library_function
    defsig_abrt_inner.o(.text) refers to defsig_general.o(.text) for __default_signal_display
    defsig_rtred_inner.o(.text) refers to defsig_general.o(.text) for __default_signal_display
    defsig_rtmem_inner.o(.text) refers to defsig_general.o(.text) for __default_signal_display
    defsig_rtmem_outer.o(.text) refers to defsig_rtmem_inner.o(.text) for __rt_SIGRTMEM_inner
    defsig_rtmem_outer.o(.text) refers to defsig_exit.o(.text) for __sig_exit
    defsig_rtmem_formal.o(.text) refers to rt_raise.o(.text) for __rt_raise
    defsig_stak_inner.o(.text) refers to defsig_general.o(.text) for __default_signal_display
    defsig_pvfn_inner.o(.text) refers to defsig_general.o(.text) for __default_signal_display
    defsig_cppl_inner.o(.text) refers to defsig_general.o(.text) for __default_signal_display
    defsig_segv_inner.o(.text) refers to defsig_general.o(.text) for __default_signal_display
    defsig_other.o(.text) refers to defsig_general.o(.text) for __default_signal_display


==============================================================================

Removing Unused input sections from the image.

    Removing system_lpc17xx.o(.rev16_text), (4 bytes).
    Removing system_lpc17xx.o(.revsh_text), (4 bytes).
    Removing glcd_spi_lpc1700.o(.rev16_text), (4 bytes).
    Removing glcd_spi_lpc1700.o(.revsh_text), (4 bytes).
    Removing touchpanel.o(.rev16_text), (4 bytes).
    Removing touchpanel.o(.revsh_text), (4 bytes).
    Removing ht24lc.o(.rev16_text), (4 bytes).
    Removing ht24lc.o(.revsh_text), (4 bytes).
    Removing lpc17xx_i2c.o(.rev16_text), (4 bytes).
    Removing lpc17xx_i2c.o(.revsh_text), (4 bytes).
    Removing lpc17xx_clkpwr.o(.rev16_text), (4 bytes).
    Removing lpc17xx_clkpwr.o(.revsh_text), (4 bytes).
    Removing lpc17xx_pinsel.o(.rev16_text), (4 bytes).
    Removing lpc17xx_pinsel.o(.revsh_text), (4 bytes).
    Removing main.o(.rev16_text), (4 bytes).
    Removing main.o(.revsh_text), (4 bytes).

16 unused section(s) (total 64 bytes) removed from the image.

==============================================================================

Image Symbol Table

    Local Symbols

    Symbol Name                              Value     Ov Type        Size  Object(Section)

    RESET                                    0x00000000   Section      204  startup_lpc17xx.o(RESET)
    ../clib/angel/boardlib.s                 0x00000000   Number         0  boardinit2.o ABSOLUTE
    ../clib/angel/boardlib.s                 0x00000000   Number         0  boardinit1.o ABSOLUTE
    ../clib/angel/boardlib.s                 0x00000000   Number         0  boardshut.o ABSOLUTE
    ../clib/angel/boardlib.s                 0x00000000   Number         0  boardinit3.o ABSOLUTE
    ../clib/angel/handlers.s                 0x00000000   Number         0  __scatter_zi.o ABSOLUTE
    ../clib/angel/handlers.s                 0x00000000   Number         0  __scatter_copy.o ABSOLUTE
    ../clib/angel/kernel.s                   0x00000000   Number         0  rtexit.o ABSOLUTE
    ../clib/angel/kernel.s                   0x00000000   Number         0  rtentry4.o ABSOLUTE
    ../clib/angel/kernel.s                   0x00000000   Number         0  rtexit2.o ABSOLUTE
    ../clib/angel/kernel.s                   0x00000000   Number         0  rtentry.o ABSOLUTE
    ../clib/angel/kernel.s                   0x00000000   Number         0  rtentry2.o ABSOLUTE
    ../clib/angel/rt.s                       0x00000000   Number         0  rt_raise.o ABSOLUTE
    ../clib/angel/rt.s                       0x00000000   Number         0  rt_div0.o ABSOLUTE
    ../clib/angel/rt.s                       0x00000000   Number         0  aeabi_ldiv0.o ABSOLUTE
    ../clib/angel/rt.s                       0x00000000   Number         0  aeabi_ldiv0_sigfpe.o ABSOLUTE
    ../clib/angel/scatter.s                  0x00000000   Number         0  __scatter.o ABSOLUTE
    ../clib/angel/startup.s                  0x00000000   Number         0  __main.o ABSOLUTE
    ../clib/angel/sys.s                      0x00000000   Number         0  indicate_semi.o ABSOLUTE
    ../clib/angel/sys.s                      0x00000000   Number         0  use_no_semi.o ABSOLUTE
    ../clib/angel/sys.s                      0x00000000   Number         0  libspace.o ABSOLUTE
    ../clib/angel/sys.s                      0x00000000   Number         0  sys_stackheap_outer.o ABSOLUTE
    ../clib/angel/sysapp.c                   0x00000000   Number         0  sys_wrch.o ABSOLUTE
    ../clib/angel/sysapp.c                   0x00000000   Number         0  sys_exit.o ABSOLUTE
    ../clib/angel/sysapp.c                   0x00000000   Number         0  sys_command.o ABSOLUTE
    ../clib/armsys.c                         0x00000000   Number         0  no_argv.o ABSOLUTE
    ../clib/armsys.c                         0x00000000   Number         0  _get_argv_nomalloc.o ABSOLUTE
    ../clib/armsys.c                         0x00000000   Number         0  argv_veneer.o ABSOLUTE
    ../clib/armsys.c                         0x00000000   Number         0  argv_veneer.o ABSOLUTE
    ../clib/heapalloc.c                      0x00000000   Number         0  hrguard.o ABSOLUTE
    ../clib/heapaux.c                        0x00000000   Number         0  heapauxi.o ABSOLUTE
    ../clib/libinit.s                        0x00000000   Number         0  libinit.o ABSOLUTE
    ../clib/libinit.s                        0x00000000   Number         0  libshutdown.o ABSOLUTE
    ../clib/libinit.s                        0x00000000   Number         0  libshutdown2.o ABSOLUTE
    ../clib/libinit.s                        0x00000000   Number         0  libinit2.o ABSOLUTE
    ../clib/longlong.s                       0x00000000   Number         0  lludivv7m.o ABSOLUTE
    ../clib/memcpset.s                       0x00000000   Number         0  rt_memclr_w.o ABSOLUTE
    ../clib/misc.s                           0x00000000   Number         0  printf_stubs.o ABSOLUTE
    ../clib/printf.c                         0x00000000   Number         0  __printf_nopercent.o ABSOLUTE
    ../clib/printf.c                         0x00000000   Number         0  __printf_ss.o ABSOLUTE
    ../clib/printf.c                         0x00000000   Number         0  __printf_wp.o ABSOLUTE
    ../clib/printf.c                         0x00000000   Number         0  __printf_flags_wp.o ABSOLUTE
    ../clib/printf.c                         0x00000000   Number         0  __printf_ss_wp.o ABSOLUTE
    ../clib/printf.c                         0x00000000   Number         0  __printf_flags_ss_wp.o ABSOLUTE
    ../clib/printf.c                         0x00000000   Number         0  __printf_flags_ss.o ABSOLUTE
    ../clib/printf.c                         0x00000000   Number         0  _printf_intcommon.o ABSOLUTE
    ../clib/printf.c                         0x00000000   Number         0  _printf_char_common.o ABSOLUTE
    ../clib/printf.c                         0x00000000   Number         0  _sputc.o ABSOLUTE
    ../clib/printf.c                         0x00000000   Number         0  __2sprintf.o ABSOLUTE
    ../clib/printf.c                         0x00000000   Number         0  noretval__2sprintf.o ABSOLUTE
    ../clib/printf.c                         0x00000000   Number         0  __printf.o ABSOLUTE
    ../clib/printf.c                         0x00000000   Number         0  _printf_pad.o ABSOLUTE
    ../clib/printf.c                         0x00000000   Number         0  _printf_dec.o ABSOLUTE
    ../clib/printf.c                         0x00000000   Number         0  __printf_flags.o ABSOLUTE
    ../clib/printf_percent.s                 0x00000000   Number         0  _printf_d.o ABSOLUTE
    ../clib/printf_percent.s                 0x00000000   Number         0  _printf_percent.o ABSOLUTE
    ../clib/printf_percent.s                 0x00000000   Number         0  _printf_percent_end.o ABSOLUTE
    ../clib/signal.c                         0x00000000   Number         0  defsig_fpe_formal.o ABSOLUTE
    ../clib/signal.c                         0x00000000   Number         0  defsig_fpe_outer.o ABSOLUTE
    ../clib/signal.c                         0x00000000   Number         0  defsig_rtred_inner.o ABSOLUTE
    ../clib/signal.c                         0x00000000   Number         0  defsig_cppl_inner.o ABSOLUTE
    ../clib/signal.c                         0x00000000   Number         0  defsig_exit.o ABSOLUTE
    ../clib/signal.c                         0x00000000   Number         0  defsig_abrt_inner.o ABSOLUTE
    ../clib/signal.c                         0x00000000   Number         0  defsig_rtmem_inner.o ABSOLUTE
    ../clib/signal.c                         0x00000000   Number         0  defsig_general.o ABSOLUTE
    ../clib/signal.c                         0x00000000   Number         0  __raise.o ABSOLUTE
    ../clib/signal.c                         0x00000000   Number         0  defsig_rtmem_outer.o ABSOLUTE
    ../clib/signal.c                         0x00000000   Number         0  defsig_rtmem_formal.o ABSOLUTE
    ../clib/signal.c                         0x00000000   Number         0  defsig_stak_inner.o ABSOLUTE
    ../clib/signal.c                         0x00000000   Number         0  defsig_pvfn_inner.o ABSOLUTE
    ../clib/signal.c                         0x00000000   Number         0  defsig_segv_inner.o ABSOLUTE
    ../clib/signal.c                         0x00000000   Number         0  defsig_other.o ABSOLUTE
    ../clib/signal.c                         0x00000000   Number         0  defsig_fpe_inner.o ABSOLUTE
    ../clib/signal.s                         0x00000000   Number         0  defsig.o ABSOLUTE
    ../clib/stdlib.c                         0x00000000   Number         0  exit.o ABSOLUTE
    ../fplib/daddsub.s                       0x00000000   Number         0  daddsub_clz.o ABSOLUTE
    ../fplib/dcmpi.s                         0x00000000   Number         0  dcmpi.o ABSOLUTE
    ../fplib/ddiv.s                          0x00000000   Number         0  ddiv.o ABSOLUTE
    ../fplib/deqf.s                          0x00000000   Number         0  deqf.o ABSOLUTE
    ../fplib/dfixu.s                         0x00000000   Number         0  dfixu.o ABSOLUTE
    ../fplib/dflt.s                          0x00000000   Number         0  dflt_clz.o ABSOLUTE
    ../fplib/dmul.s                          0x00000000   Number         0  dmul.o ABSOLUTE
    ../fplib/dnaninf.s                       0x00000000   Number         0  dnaninf.o ABSOLUTE
    ../fplib/dretinf.s                       0x00000000   Number         0  dretinf.o ABSOLUTE
    ../fplib/fpinit.s                        0x00000000   Number         0  fpinit.o ABSOLUTE
    ../fplib/usenofp.s                       0x00000000   Number         0  usenofp.o ABSOLUTE
    CMSIS_CM3\\system_LPC17xx.c              0x00000000   Number         0  system_lpc17xx.o ABSOLUTE
    CMSIS_CM3\startup_LPC17xx.s              0x00000000   Number         0  startup_lpc17xx.o ABSOLUTE
    CMSIS_CM3\system_LPC17xx.c               0x00000000   Number         0  system_lpc17xx.o ABSOLUTE
    HT24LC\HT24LC.c                          0x00000000   Number         0  ht24lc.o ABSOLUTE
    HT24LC\\HT24LC.c                         0x00000000   Number         0  ht24lc.o ABSOLUTE
    TFTLCD\GLCD_SPI_LPC1700.c                0x00000000   Number         0  glcd_spi_lpc1700.o ABSOLUTE
    TFTLCD\\GLCD_SPI_LPC1700.c               0x00000000   Number         0  glcd_spi_lpc1700.o ABSOLUTE
    TouchPanel\TouchPanel.c                  0x00000000   Number         0  touchpanel.o ABSOLUTE
    TouchPanel\\TouchPanel.c                 0x00000000   Number         0  touchpanel.o ABSOLUTE
    dc.s                                     0x00000000   Number         0  dc.o ABSOLUTE
    driver\\lpc17xx_clkpwr.c                 0x00000000   Number         0  lpc17xx_clkpwr.o ABSOLUTE
    driver\\lpc17xx_i2c.c                    0x00000000   Number         0  lpc17xx_i2c.o ABSOLUTE
    driver\\lpc17xx_pinsel.c                 0x00000000   Number         0  lpc17xx_pinsel.o ABSOLUTE
    driver\lpc17xx_clkpwr.c                  0x00000000   Number         0  lpc17xx_clkpwr.o ABSOLUTE
    driver\lpc17xx_i2c.c                     0x00000000   Number         0  lpc17xx_i2c.o ABSOLUTE
    driver\lpc17xx_pinsel.c                  0x00000000   Number         0  lpc17xx_pinsel.o ABSOLUTE
    main.c                                   0x00000000   Number         0  main.o ABSOLUTE
    main.c                                   0x00000000   Number         0  main.o ABSOLUTE
    !!!main                                  0x000000cc   Section        8  __main.o(!!!main)
    !!!scatter                               0x000000d4   Section       52  __scatter.o(!!!scatter)
    !!handler_copy                           0x00000108   Section       26  __scatter_copy.o(!!handler_copy)
    !!handler_zi                             0x00000124   Section       28  __scatter_zi.o(!!handler_zi)
    .ARM.Collect$$_printf_percent$$00000000  0x00000140   Section        0  _printf_percent.o(.ARM.Collect$$_printf_percent$$00000000)
    .ARM.Collect$$_printf_percent$$00000009  0x00000140   Section        6  _printf_d.o(.ARM.Collect$$_printf_percent$$00000009)
    .ARM.Collect$$_printf_percent$$00000017  0x00000146   Section        4  _printf_percent_end.o(.ARM.Collect$$_printf_percent$$00000017)
    .ARM.Collect$$libinit$$00000000          0x0000014a   Section        2  libinit.o(.ARM.Collect$$libinit$$00000000)
    .ARM.Collect$$libinit$$00000002          0x0000014c   Section        0  libinit2.o(.ARM.Collect$$libinit$$00000002)
    .ARM.Collect$$libinit$$00000008          0x0000014c   Section        0  libinit2.o(.ARM.Collect$$libinit$$00000008)
    .ARM.Collect$$libinit$$0000000A          0x0000014c   Section        0  libinit2.o(.ARM.Collect$$libinit$$0000000A)
    .ARM.Collect$$libinit$$0000000C          0x0000014c   Section        0  libinit2.o(.ARM.Collect$$libinit$$0000000C)
    .ARM.Collect$$libinit$$0000000F          0x0000014c   Section        0  libinit2.o(.ARM.Collect$$libinit$$0000000F)
    .ARM.Collect$$libinit$$00000011          0x0000014c   Section        0  libinit2.o(.ARM.Collect$$libinit$$00000011)
    .ARM.Collect$$libinit$$00000013          0x0000014c   Section        0  libinit2.o(.ARM.Collect$$libinit$$00000013)
    .ARM.Collect$$libinit$$00000015          0x0000014c   Section        0  libinit2.o(.ARM.Collect$$libinit$$00000015)
    .ARM.Collect$$libinit$$00000017          0x0000014c   Section        0  libinit2.o(.ARM.Collect$$libinit$$00000017)
    .ARM.Collect$$libinit$$00000019          0x0000014c   Section        0  libinit2.o(.ARM.Collect$$libinit$$00000019)
    .ARM.Collect$$libinit$$0000001B          0x0000014c   Section        0  libinit2.o(.ARM.Collect$$libinit$$0000001B)
    .ARM.Collect$$libinit$$0000001D          0x0000014c   Section        0  libinit2.o(.ARM.Collect$$libinit$$0000001D)
    .ARM.Collect$$libinit$$0000001F          0x0000014c   Section        0  libinit2.o(.ARM.Collect$$libinit$$0000001F)
    .ARM.Collect$$libinit$$00000021          0x0000014c   Section        0  libinit2.o(.ARM.Collect$$libinit$$00000021)
    .ARM.Collect$$libinit$$00000023          0x0000014c   Section        0  libinit2.o(.ARM.Collect$$libinit$$00000023)
    .ARM.Collect$$libinit$$0000002A          0x0000014c   Section        0  libinit2.o(.ARM.Collect$$libinit$$0000002A)
    .ARM.Collect$$libinit$$0000002C          0x0000014c   Section        0  libinit2.o(.ARM.Collect$$libinit$$0000002C)
    .ARM.Collect$$libinit$$0000002E          0x0000014c   Section        0  libinit2.o(.ARM.Collect$$libinit$$0000002E)
    .ARM.Collect$$libinit$$00000030          0x0000014c   Section        0  libinit2.o(.ARM.Collect$$libinit$$00000030)
    .ARM.Collect$$libinit$$00000031          0x0000014c   Section        2  libinit2.o(.ARM.Collect$$libinit$$00000031)
    .ARM.Collect$$libshutdown$$00000000      0x0000014e   Section        2  libshutdown.o(.ARM.Collect$$libshutdown$$00000000)
    .ARM.Collect$$libshutdown$$00000003      0x00000150   Section        0  libshutdown2.o(.ARM.Collect$$libshutdown$$00000003)
    .ARM.Collect$$libshutdown$$00000006      0x00000150   Section        0  libshutdown2.o(.ARM.Collect$$libshutdown$$00000006)
    .ARM.Collect$$libshutdown$$00000009      0x00000150   Section        0  libshutdown2.o(.ARM.Collect$$libshutdown$$00000009)
    .ARM.Collect$$libshutdown$$0000000B      0x00000150   Section        0  libshutdown2.o(.ARM.Collect$$libshutdown$$0000000B)
    .ARM.Collect$$libshutdown$$0000000E      0x00000150   Section        0  libshutdown2.o(.ARM.Collect$$libshutdown$$0000000E)
    .ARM.Collect$$libshutdown$$0000000F      0x00000150   Section        2  libshutdown2.o(.ARM.Collect$$libshutdown$$0000000F)
    .ARM.Collect$$rtentry$$00000000          0x00000152   Section        0  rtentry.o(.ARM.Collect$$rtentry$$00000000)
    .ARM.Collect$$rtentry$$00000002          0x00000152   Section        0  rtentry2.o(.ARM.Collect$$rtentry$$00000002)
    .ARM.Collect$$rtentry$$00000004          0x00000152   Section        6  rtentry4.o(.ARM.Collect$$rtentry$$00000004)
    .ARM.Collect$$rtentry$$00000009          0x00000158   Section        0  rtentry2.o(.ARM.Collect$$rtentry$$00000009)
    .ARM.Collect$$rtentry$$0000000A          0x00000158   Section        4  rtentry2.o(.ARM.Collect$$rtentry$$0000000A)
    .ARM.Collect$$rtentry$$0000000C          0x0000015c   Section        0  rtentry2.o(.ARM.Collect$$rtentry$$0000000C)
    .ARM.Collect$$rtentry$$0000000D          0x0000015c   Section        8  rtentry2.o(.ARM.Collect$$rtentry$$0000000D)
    .ARM.Collect$$rtexit$$00000000           0x00000164   Section        2  rtexit.o(.ARM.Collect$$rtexit$$00000000)
    .ARM.Collect$$rtexit$$00000002           0x00000166   Section        0  rtexit2.o(.ARM.Collect$$rtexit$$00000002)
    .ARM.Collect$$rtexit$$00000003           0x00000166   Section        4  rtexit2.o(.ARM.Collect$$rtexit$$00000003)
    .ARM.Collect$$rtexit$$00000004           0x0000016a   Section        6  rtexit2.o(.ARM.Collect$$rtexit$$00000004)
    .emb_text                                0x00000170   Section        4  glcd_spi_lpc1700.o(.emb_text)
    .text                                    0x00000174   Section       64  startup_lpc17xx.o(.text)
    .text                                    0x000001b4   Section        0  lpc17xx_pinsel.o(.text)
    set_PinFunc                              0x000001b5   Thumb Code    60  lpc17xx_pinsel.o(.text)
    set_ResistorMode                         0x000001f1   Thumb Code    62  lpc17xx_pinsel.o(.text)
    set_OpenDrainMode                        0x0000022f   Thumb Code    44  lpc17xx_pinsel.o(.text)
    .text                                    0x000002b4   Section        0  noretval__2sprintf.o(.text)
    .text                                    0x000002dc   Section        0  heapauxi.o(.text)
    .text                                    0x000002e2   Section        0  _sputc.o(.text)
    .text                                    0x000002ec   Section        0  exit.o(.text)
    .text                                    0x000002f8   Section        2  use_no_semi.o(.text)
    .text                                    0x000002fa   Section        0  indicate_semi.o(.text)
    x$fpl$usenofp                            0x000002fa   Section        0  usenofp.o(x$fpl$usenofp)
    .ARM.__at_0x02FC                         0x000002fc   Section        4  startup_lpc17xx.o(.ARM.__at_0x02FC)
    .text                                    0x00000300   Section        0  system_lpc17xx.o(.text)
    .text                                    0x00000618   Section        0  glcd_spi_lpc1700.o(.text)
    delay                                    0x00000619   Thumb Code    14  glcd_spi_lpc1700.o(.text)
    lcd_send                                 0x00000633   Thumb Code    44  glcd_spi_lpc1700.o(.text)
    wr_cmd                                   0x0000065f   Thumb Code    44  glcd_spi_lpc1700.o(.text)
    wr_dat                                   0x0000068b   Thumb Code    44  glcd_spi_lpc1700.o(.text)
    wr_reg                                   0x000006b7   Thumb Code    36  glcd_spi_lpc1700.o(.text)
    rd_reg                                   0x000006db   Thumb Code    38  glcd_spi_lpc1700.o(.text)
    wr_dat_start                             0x000013ad   Thumb Code    10  glcd_spi_lpc1700.o(.text)
    wr_dat_stop                              0x000013b7   Thumb Code    10  glcd_spi_lpc1700.o(.text)
    wr_dat_only                              0x000013c1   Thumb Code    32  glcd_spi_lpc1700.o(.text)
    rd_dat                                   0x000013e1   Thumb Code    98  glcd_spi_lpc1700.o(.text)
    .text                                    0x00001448   Section        0  touchpanel.o(.text)
    ADS7843_SPI_Init                         0x00001459   Thumb Code   122  touchpanel.o(.text)
    DelayUS                                  0x000014f1   Thumb Code    30  touchpanel.o(.text)
    WR_CMD                                   0x0000150f   Thumb Code    50  touchpanel.o(.text)
    RD_AD                                    0x00001541   Thumb Code    44  touchpanel.o(.text)
    .text                                    0x00001a48   Section        0  ht24lc.o(.text)
    .text                                    0x00001e78   Section        0  lpc17xx_i2c.o(.text)
    I2C_getNum                               0x00001e79   Thumb Code    38  lpc17xx_i2c.o(.text)
    I2C_Start                                0x00001e9f   Thumb Code    32  lpc17xx_i2c.o(.text)
    I2C_Stop                                 0x00001ebf   Thumb Code    22  lpc17xx_i2c.o(.text)
    I2C_SendByte                             0x00001ed5   Thumb Code    60  lpc17xx_i2c.o(.text)
    I2C_GetByte                              0x00001f11   Thumb Code    32  lpc17xx_i2c.o(.text)
    I2C_SetClock                             0x00001f31   Thumb Code    70  lpc17xx_i2c.o(.text)
    NVIC_EnableIRQ                           0x00002711   Thumb Code    40  lpc17xx_i2c.o(.text)
    NVIC_DisableIRQ                          0x00002739   Thumb Code    18  lpc17xx_i2c.o(.text)
    .text                                    0x00002750   Section        0  lpc17xx_clkpwr.o(.text)
    .text                                    0x000028a0   Section        0  main.o(.text)
    .text                                    0x00002d10   Section      238  lludivv7m.o(.text)
    .text                                    0x00002dfe   Section        0  _printf_pad.o(.text)
    .text                                    0x00002e50   Section        0  _printf_dec.o(.text)
    .text                                    0x00002ec8   Section        0  __printf_wp.o(.text)
    .text                                    0x00002fd6   Section       78  rt_memclr_w.o(.text)
    .text                                    0x00003024   Section        0  _printf_intcommon.o(.text)
    .text                                    0x000030dc   Section        0  _printf_char_common.o(.text)
    _printf_input_char                       0x000030dd   Thumb Code    10  _printf_char_common.o(.text)
    .text                                    0x0000310c   Section       74  sys_stackheap_outer.o(.text)
    .text                                    0x00003158   Section        8  libspace.o(.text)
    .text                                    0x00003160   Section        0  sys_exit.o(.text)
    i._is_digit                              0x0000316c   Section        0  __printf_wp.o(i._is_digit)
    x$fpl$dadd                               0x0000317c   Section      336  daddsub_clz.o(x$fpl$dadd)
    _dadd1                                   0x0000318d   Thumb Code     0  daddsub_clz.o(x$fpl$dadd)
    x$fpl$dcmpinf                            0x000032cc   Section       24  dcmpi.o(x$fpl$dcmpinf)
    x$fpl$ddiv                               0x000032e4   Section      688  ddiv.o(x$fpl$ddiv)
    ddiv_entry                               0x000032eb   Thumb Code     0  ddiv.o(x$fpl$ddiv)
    x$fpl$deqf                               0x00003594   Section      120  deqf.o(x$fpl$deqf)
    x$fpl$dfixu                              0x0000360c   Section       90  dfixu.o(x$fpl$dfixu)
    x$fpl$dflt                               0x00003666   Section       46  dflt_clz.o(x$fpl$dflt)
    x$fpl$dfltu                              0x00003694   Section       38  dflt_clz.o(x$fpl$dfltu)
    x$fpl$dmul                               0x000036bc   Section      340  dmul.o(x$fpl$dmul)
    x$fpl$dnaninf                            0x00003810   Section      156  dnaninf.o(x$fpl$dnaninf)
    x$fpl$dretinf                            0x000038ac   Section       12  dretinf.o(x$fpl$dretinf)
    x$fpl$dsub                               0x000038b8   Section      468  daddsub_clz.o(x$fpl$dsub)
    _dsub1                                   0x000038c9   Thumb Code     0  daddsub_clz.o(x$fpl$dsub)
    .constdata                               0x00003a8c   Section     6272  glcd_spi_lpc1700.o(.constdata)
    .data                                    0x10000000   Section        4  system_lpc17xx.o(.data)
    .data                                    0x10000004   Section        6  glcd_spi_lpc1700.o(.data)
    TextColor                                0x10000004   Data           2  glcd_spi_lpc1700.o(.data)
    BackColor                                0x10000006   Data           2  glcd_spi_lpc1700.o(.data)
    driverCode                               0x10000008   Data           2  glcd_spi_lpc1700.o(.data)
    .data                                    0x1000000a   Section       20  touchpanel.o(.data)
    screen                                   0x10000016   Data           4  touchpanel.o(.data)
    .data                                    0x10000020   Section        4  lpc17xx_i2c.o(.data)
    I2C_MonitorBufferIndex                   0x10000020   Data           4  lpc17xx_i2c.o(.data)
    .data                                    0x10000024   Section       18  main.o(.data)
    .bss                                     0x10000038   Section       68  touchpanel.o(.bss)
    .bss                                     0x1000007c   Section       48  lpc17xx_i2c.o(.bss)
    i2cdat                                   0x1000007c   Data          24  lpc17xx_i2c.o(.bss)
    I2C_MasterComplete                       0x10000094   Data          12  lpc17xx_i2c.o(.bss)
    I2C_SlaveComplete                        0x100000a0   Data          12  lpc17xx_i2c.o(.bss)
    .bss                                     0x100000b0   Section       56  main.o(.bss)
    .bss                                     0x100000e8   Section       96  libspace.o(.bss)
    HEAP                                     0x10000148   Section     1024  startup_lpc17xx.o(HEAP)
    Heap_Mem                                 0x10000148   Data        1024  startup_lpc17xx.o(HEAP)
    STACK                                    0x10000548   Section      512  startup_lpc17xx.o(STACK)
    Stack_Mem                                0x10000548   Data         512  startup_lpc17xx.o(STACK)
    __initial_sp                             0x10000748   Data           0  startup_lpc17xx.o(STACK)

    Global Symbols

    Symbol Name                              Value     Ov Type        Size  Object(Section)

    BuildAttributes$$THM_ISAv4$P$D$K$B$S$PE$A:L22UL41UL21$X:L11$S22US41US21$IEEE1$IW$USESV6$~STKCKD$USESV7$~SHL$OSPACE$ROPI$EBA8$UX$STANDARDLIB$REQ8$PRES8$EABIv2 0x00000000   Number         0  anon$$obj.o ABSOLUTE
    __ARM_use_no_argv                        0x00000000   Number         0  main.o ABSOLUTE
    __Vectors                                0x00000000   Data           4  startup_lpc17xx.o(RESET)
    _printf_flags                            0x00000000   Number         0  printf_stubs.o ABSOLUTE
    _printf_return_value                     0x00000000   Number         0  printf_stubs.o ABSOLUTE
    _printf_sizespec                         0x00000000   Number         0  printf_stubs.o ABSOLUTE
    _printf_widthprec                        0x00000000   Number         0  printf_stubs.o ABSOLUTE
    __ARM_exceptions_init                     - Undefined Weak Reference
    __alloca_initialize                       - Undefined Weak Reference
    __cpp_initialize__aeabi_                  - Undefined Weak Reference
    __cxa_finalize                            - Undefined Weak Reference
    __rt_locale                               - Undefined Weak Reference
    __sigvec_lookup                           - Undefined Weak Reference
    _atexit_init                              - Undefined Weak Reference
    _call_atexit_fns                          - Undefined Weak Reference
    _clock_init                               - Undefined Weak Reference
    _fp_trap_init                             - Undefined Weak Reference
    _fp_trap_shutdown                         - Undefined Weak Reference
    _get_lc_collate                           - Undefined Weak Reference
    _get_lc_ctype                             - Undefined Weak Reference
    _get_lc_monetary                          - Undefined Weak Reference
    _get_lc_numeric                           - Undefined Weak Reference
    _get_lc_time                              - Undefined Weak Reference
    _getenv_init                              - Undefined Weak Reference
    _handle_redirection                       - Undefined Weak Reference
    _init_alloc                               - Undefined Weak Reference
    _init_user_alloc                          - Undefined Weak Reference
    _initio                                   - Undefined Weak Reference
    _printf_truncate_signed                   - Undefined Weak Reference
    _printf_truncate_unsigned                 - Undefined Weak Reference
    _rand_init                                - Undefined Weak Reference
    _signal_finish                            - Undefined Weak Reference
    _signal_init                              - Undefined Weak Reference
    _terminate_alloc                          - Undefined Weak Reference
    _terminate_user_alloc                     - Undefined Weak Reference
    _terminateio                              - Undefined Weak Reference
    __main                                   0x000000cd   Thumb Code     8  __main.o(!!!main)
    __scatterload                            0x000000d5   Thumb Code     0  __scatter.o(!!!scatter)
    __scatterload_rt2                        0x000000d5   Thumb Code    44  __scatter.o(!!!scatter)
    __scatterload_rt2_thumb_only             0x000000d5   Thumb Code     0  __scatter.o(!!!scatter)
    __scatterload_null                       0x000000e3   Thumb Code     0  __scatter.o(!!!scatter)
    __scatterload_copy                       0x00000109   Thumb Code    26  __scatter_copy.o(!!handler_copy)
    __scatterload_zeroinit                   0x00000125   Thumb Code    28  __scatter_zi.o(!!handler_zi)
    _printf_d                                0x00000141   Thumb Code     0  _printf_d.o(.ARM.Collect$$_printf_percent$$00000009)
    _printf_percent                          0x00000141   Thumb Code     0  _printf_percent.o(.ARM.Collect$$_printf_percent$$00000000)
    _printf_percent_end                      0x00000147   Thumb Code     0  _printf_percent_end.o(.ARM.Collect$$_printf_percent$$00000017)
    __rt_lib_init                            0x0000014b   Thumb Code     0  libinit.o(.ARM.Collect$$libinit$$00000000)
    __rt_lib_init_alloca_1                   0x0000014d   Thumb Code     0  libinit2.o(.ARM.Collect$$libinit$$0000002C)
    __rt_lib_init_argv_1                     0x0000014d   Thumb Code     0  libinit2.o(.ARM.Collect$$libinit$$0000002A)
    __rt_lib_init_atexit_1                   0x0000014d   Thumb Code     0  libinit2.o(.ARM.Collect$$libinit$$00000019)
    __rt_lib_init_clock_1                    0x0000014d   Thumb Code     0  libinit2.o(.ARM.Collect$$libinit$$0000001F)
    __rt_lib_init_cpp_1                      0x0000014d   Thumb Code     0  libinit2.o(.ARM.Collect$$libinit$$00000030)
    __rt_lib_init_exceptions_1               0x0000014d   Thumb Code     0  libinit2.o(.ARM.Collect$$libinit$$0000002E)
    __rt_lib_init_fp_1                       0x0000014d   Thumb Code     0  libinit2.o(.ARM.Collect$$libinit$$00000002)
    __rt_lib_init_fp_trap_1                  0x0000014d   Thumb Code     0  libinit2.o(.ARM.Collect$$libinit$$0000001D)
    __rt_lib_init_getenv_1                   0x0000014d   Thumb Code     0  libinit2.o(.ARM.Collect$$libinit$$00000021)
    __rt_lib_init_heap_1                     0x0000014d   Thumb Code     0  libinit2.o(.ARM.Collect$$libinit$$00000008)
    __rt_lib_init_lc_collate_1               0x0000014d   Thumb Code     0  libinit2.o(.ARM.Collect$$libinit$$0000000F)
    __rt_lib_init_lc_ctype_1                 0x0000014d   Thumb Code     0  libinit2.o(.ARM.Collect$$libinit$$00000011)
    __rt_lib_init_lc_monetary_1              0x0000014d   Thumb Code     0  libinit2.o(.ARM.Collect$$libinit$$00000013)
    __rt_lib_init_lc_numeric_1               0x0000014d   Thumb Code     0  libinit2.o(.ARM.Collect$$libinit$$00000015)
    __rt_lib_init_lc_time_1                  0x0000014d   Thumb Code     0  libinit2.o(.ARM.Collect$$libinit$$00000017)
    __rt_lib_init_rand_1                     0x0000014d   Thumb Code     0  libinit2.o(.ARM.Collect$$libinit$$0000000C)
    __rt_lib_init_return                     0x0000014d   Thumb Code     0  libinit2.o(.ARM.Collect$$libinit$$00000031)
    __rt_lib_init_signal_1                   0x0000014d   Thumb Code     0  libinit2.o(.ARM.Collect$$libinit$$0000001B)
    __rt_lib_init_stdio_1                    0x0000014d   Thumb Code     0  libinit2.o(.ARM.Collect$$libinit$$00000023)
    __rt_lib_init_user_alloc_1               0x0000014d   Thumb Code     0  libinit2.o(.ARM.Collect$$libinit$$0000000A)
    __rt_lib_shutdown                        0x0000014f   Thumb Code     0  libshutdown.o(.ARM.Collect$$libshutdown$$00000000)
    __rt_lib_shutdown_fp_trap_1              0x00000151   Thumb Code     0  libshutdown2.o(.ARM.Collect$$libshutdown$$00000006)
    __rt_lib_shutdown_heap_1                 0x00000151   Thumb Code     0  libshutdown2.o(.ARM.Collect$$libshutdown$$0000000E)
    __rt_lib_shutdown_return                 0x00000151   Thumb Code     0  libshutdown2.o(.ARM.Collect$$libshutdown$$0000000F)
    __rt_lib_shutdown_signal_1               0x00000151   Thumb Code     0  libshutdown2.o(.ARM.Collect$$libshutdown$$00000009)
    __rt_lib_shutdown_stdio_1                0x00000151   Thumb Code     0  libshutdown2.o(.ARM.Collect$$libshutdown$$00000003)
    __rt_lib_shutdown_user_alloc_1           0x00000151   Thumb Code     0  libshutdown2.o(.ARM.Collect$$libshutdown$$0000000B)
    __rt_entry                               0x00000153   Thumb Code     0  rtentry.o(.ARM.Collect$$rtentry$$00000000)
    __rt_entry_presh_1                       0x00000153   Thumb Code     0  rtentry2.o(.ARM.Collect$$rtentry$$00000002)
    __rt_entry_sh                            0x00000153   Thumb Code     0  rtentry4.o(.ARM.Collect$$rtentry$$00000004)
    __rt_entry_li                            0x00000159   Thumb Code     0  rtentry2.o(.ARM.Collect$$rtentry$$0000000A)
    __rt_entry_postsh_1                      0x00000159   Thumb Code     0  rtentry2.o(.ARM.Collect$$rtentry$$00000009)
    __rt_entry_main                          0x0000015d   Thumb Code     0  rtentry2.o(.ARM.Collect$$rtentry$$0000000D)
    __rt_entry_postli_1                      0x0000015d   Thumb Code     0  rtentry2.o(.ARM.Collect$$rtentry$$0000000C)
    __rt_exit                                0x00000165   Thumb Code     0  rtexit.o(.ARM.Collect$$rtexit$$00000000)
    __rt_exit_ls                             0x00000167   Thumb Code     0  rtexit2.o(.ARM.Collect$$rtexit$$00000003)
    __rt_exit_prels_1                        0x00000167   Thumb Code     0  rtexit2.o(.ARM.Collect$$rtexit$$00000002)
    __rt_exit_exit                           0x0000016b   Thumb Code     0  rtexit2.o(.ARM.Collect$$rtexit$$00000004)
    wait                                     0x00000171   Thumb Code     4  glcd_spi_lpc1700.o(.emb_text)
    Reset_Handler                            0x00000175   Thumb Code     8  startup_lpc17xx.o(.text)
    NMI_Handler                              0x0000017d   Thumb Code     2  startup_lpc17xx.o(.text)
    HardFault_Handler                        0x0000017f   Thumb Code     2  startup_lpc17xx.o(.text)
    MemManage_Handler                        0x00000181   Thumb Code     2  startup_lpc17xx.o(.text)
    BusFault_Handler                         0x00000183   Thumb Code     2  startup_lpc17xx.o(.text)
    UsageFault_Handler                       0x00000185   Thumb Code     2  startup_lpc17xx.o(.text)
    SVC_Handler                              0x00000187   Thumb Code     2  startup_lpc17xx.o(.text)
    DebugMon_Handler                         0x00000189   Thumb Code     2  startup_lpc17xx.o(.text)
    PendSV_Handler                           0x0000018b   Thumb Code     2  startup_lpc17xx.o(.text)
    ADC_IRQHandler                           0x0000018f   Thumb Code     0  startup_lpc17xx.o(.text)
    BOD_IRQHandler                           0x0000018f   Thumb Code     0  startup_lpc17xx.o(.text)
    CANActivity_IRQHandler                   0x0000018f   Thumb Code     0  startup_lpc17xx.o(.text)
    CAN_IRQHandler                           0x0000018f   Thumb Code     0  startup_lpc17xx.o(.text)
    DMA_IRQHandler                           0x0000018f   Thumb Code     0  startup_lpc17xx.o(.text)
    EINT0_IRQHandler                         0x0000018f   Thumb Code     0  startup_lpc17xx.o(.text)
    EINT1_IRQHandler                         0x0000018f   Thumb Code     0  startup_lpc17xx.o(.text)
    EINT2_IRQHandler                         0x0000018f   Thumb Code     0  startup_lpc17xx.o(.text)
    EINT3_IRQHandler                         0x0000018f   Thumb Code     0  startup_lpc17xx.o(.text)
    ENET_IRQHandler                          0x0000018f   Thumb Code     0  startup_lpc17xx.o(.text)
    I2C0_IRQHandler                          0x0000018f   Thumb Code     0  startup_lpc17xx.o(.text)
    I2C1_IRQHandler                          0x0000018f   Thumb Code     0  startup_lpc17xx.o(.text)
    I2C2_IRQHandler                          0x0000018f   Thumb Code     0  startup_lpc17xx.o(.text)
    I2S_IRQHandler                           0x0000018f   Thumb Code     0  startup_lpc17xx.o(.text)
    MCPWM_IRQHandler                         0x0000018f   Thumb Code     0  startup_lpc17xx.o(.text)
    PLL0_IRQHandler                          0x0000018f   Thumb Code     0  startup_lpc17xx.o(.text)
    PLL1_IRQHandler                          0x0000018f   Thumb Code     0  startup_lpc17xx.o(.text)
    PWM1_IRQHandler                          0x0000018f   Thumb Code     0  startup_lpc17xx.o(.text)
    QEI_IRQHandler                           0x0000018f   Thumb Code     0  startup_lpc17xx.o(.text)
    RIT_IRQHandler                           0x0000018f   Thumb Code     0  startup_lpc17xx.o(.text)
    RTC_IRQHandler                           0x0000018f   Thumb Code     0  startup_lpc17xx.o(.text)
    SPI_IRQHandler                           0x0000018f   Thumb Code     0  startup_lpc17xx.o(.text)
    SSP0_IRQHandler                          0x0000018f   Thumb Code     0  startup_lpc17xx.o(.text)
    SSP1_IRQHandler                          0x0000018f   Thumb Code     0  startup_lpc17xx.o(.text)
    TIMER0_IRQHandler                        0x0000018f   Thumb Code     0  startup_lpc17xx.o(.text)
    TIMER1_IRQHandler                        0x0000018f   Thumb Code     0  startup_lpc17xx.o(.text)
    TIMER2_IRQHandler                        0x0000018f   Thumb Code     0  startup_lpc17xx.o(.text)
    TIMER3_IRQHandler                        0x0000018f   Thumb Code     0  startup_lpc17xx.o(.text)
    UART0_IRQHandler                         0x0000018f   Thumb Code     0  startup_lpc17xx.o(.text)
    UART1_IRQHandler                         0x0000018f   Thumb Code     0  startup_lpc17xx.o(.text)
    UART2_IRQHandler                         0x0000018f   Thumb Code     0  startup_lpc17xx.o(.text)
    UART3_IRQHandler                         0x0000018f   Thumb Code     0  startup_lpc17xx.o(.text)
    USBActivity_IRQHandler                   0x0000018f   Thumb Code     0  startup_lpc17xx.o(.text)
    USB_IRQHandler                           0x0000018f   Thumb Code     0  startup_lpc17xx.o(.text)
    WDT_IRQHandler                           0x0000018f   Thumb Code     0  startup_lpc17xx.o(.text)
    __user_initial_stackheap                 0x00000191   Thumb Code     0  startup_lpc17xx.o(.text)
    PINSEL_ConfigTraceFunc                   0x0000025b   Thumb Code    34  lpc17xx_pinsel.o(.text)
    PINSEL_SetI2C0Pins                       0x0000027d   Thumb Code    16  lpc17xx_pinsel.o(.text)
    PINSEL_ConfigPin                         0x0000028d   Thumb Code    36  lpc17xx_pinsel.o(.text)
    __2sprintf                               0x000002b5   Thumb Code    34  noretval__2sprintf.o(.text)
    __use_two_region_memory                  0x000002dd   Thumb Code     2  heapauxi.o(.text)
    __rt_heap_escrow$2region                 0x000002df   Thumb Code     2  heapauxi.o(.text)
    __rt_heap_expand$2region                 0x000002e1   Thumb Code     2  heapauxi.o(.text)
    _sputc                                   0x000002e3   Thumb Code    10  _sputc.o(.text)
    exit                                     0x000002ed   Thumb Code    12  exit.o(.text)
    __I$use$semihosting                      0x000002f9   Thumb Code     0  use_no_semi.o(.text)
    __use_no_semihosting_swi                 0x000002f9   Thumb Code     2  use_no_semi.o(.text)
    __I$use$fp                               0x000002fa   Number         0  usenofp.o(x$fpl$usenofp)
    __semihosting_library_function           0x000002fb   Thumb Code     0  indicate_semi.o(.text)
    SystemCoreClockUpdate                    0x00000301   Thumb Code   424  system_lpc17xx.o(.text)
    SystemInit                               0x000004a9   Thumb Code   290  system_lpc17xx.o(.text)
    wait_delay                               0x00000627   Thumb Code    12  glcd_spi_lpc1700.o(.text)
    GLCD_Init                                0x00000701   Thumb Code  2068  glcd_spi_lpc1700.o(.text)
    GLCD_SetWindow                           0x00000f15   Thumb Code   148  glcd_spi_lpc1700.o(.text)
    GLCD_WindowMax                           0x00000fa9   Thumb Code    18  glcd_spi_lpc1700.o(.text)
    GLCD_PutPixel                            0x00000fbb   Thumb Code    96  glcd_spi_lpc1700.o(.text)
    GLCD_SetTextColor                        0x0000101b   Thumb Code     6  glcd_spi_lpc1700.o(.text)
    GLCD_SetBackColor                        0x00001021   Thumb Code     6  glcd_spi_lpc1700.o(.text)
    GLCD_Clear                               0x00001027   Thumb Code    94  glcd_spi_lpc1700.o(.text)
    GLCD_DrawChar_U8                         0x00001085   Thumb Code   120  glcd_spi_lpc1700.o(.text)
    GLCD_DrawChar_U16                        0x000010fd   Thumb Code   120  glcd_spi_lpc1700.o(.text)
    GLCD_DisplayChar                         0x00001175   Thumb Code    84  glcd_spi_lpc1700.o(.text)
    GLCD_DisplayString                       0x000011c9   Thumb Code    44  glcd_spi_lpc1700.o(.text)
    GLCD_ClearLn                             0x000011f5   Thumb Code    94  glcd_spi_lpc1700.o(.text)
    GLCD_Bargraph                            0x00001253   Thumb Code   114  glcd_spi_lpc1700.o(.text)
    GLCD_Bitmap                              0x000012c5   Thumb Code   122  glcd_spi_lpc1700.o(.text)
    GLCD_Bmp                                 0x0000133f   Thumb Code   108  glcd_spi_lpc1700.o(.text)
    GLCD_ScrollVertical                      0x000013ab   Thumb Code     2  glcd_spi_lpc1700.o(.text)
    LPC17xx_SPI_SetSpeed                     0x00001449   Thumb Code    16  touchpanel.o(.text)
    TP_Init                                  0x000014d3   Thumb Code    30  touchpanel.o(.text)
    Read_X                                   0x0000156d   Thumb Code    42  touchpanel.o(.text)
    Read_Y                                   0x00001597   Thumb Code    42  touchpanel.o(.text)
    TP_GetAdXY                               0x000015c1   Thumb Code    34  touchpanel.o(.text)
    Read_Ads7846                             0x000015e3   Thumb Code   502  touchpanel.o(.text)
    setCalibrationMatrix                     0x000017d9   Thumb Code   386  touchpanel.o(.text)
    getDisplayPoint                          0x0000195b   Thumb Code   238  touchpanel.o(.text)
    I2C0_Init                                0x00001a49   Thumb Code    70  ht24lc.o(.text)
    I2C1_Init                                0x00001a8f   Thumb Code    70  ht24lc.o(.text)
    HT24LC_LDbWr                             0x00001ad5   Thumb Code   108  ht24lc.o(.text)
    HT24LC_LDbRd                             0x00001b41   Thumb Code    76  ht24lc.o(.text)
    HT24LC_PageWr                            0x00001b8d   Thumb Code   108  ht24lc.o(.text)
    HT24LC_PageRd                            0x00001bf9   Thumb Code    76  ht24lc.o(.text)
    HT24LC_HfPageWr                          0x00001c45   Thumb Code   108  ht24lc.o(.text)
    HT24LC_HfPageRd                          0x00001cb1   Thumb Code    76  ht24lc.o(.text)
    HT24LC_HHfPageWr                         0x00001cfd   Thumb Code   108  ht24lc.o(.text)
    HT24LC_HHfPageRd                         0x00001d69   Thumb Code    76  ht24lc.o(.text)
    HT24LC_ByteWr                            0x00001db5   Thumb Code   108  ht24lc.o(.text)
    HT24LC_ByteRd                            0x00001e21   Thumb Code    86  ht24lc.o(.text)
    I2C_Init                                 0x00001f77   Thumb Code    96  lpc17xx_i2c.o(.text)
    I2C_DeInit                               0x00001fd7   Thumb Code    60  lpc17xx_i2c.o(.text)
    I2C_Cmd                                  0x00002013   Thumb Code    26  lpc17xx_i2c.o(.text)
    I2C_IntCmd                               0x0000202d   Thumb Code    92  lpc17xx_i2c.o(.text)
    I2C_MasterHanleStates                    0x00002089   Thumb Code   382  lpc17xx_i2c.o(.text)
    I2C_SlaveHanleStates                     0x00002207   Thumb Code   312  lpc17xx_i2c.o(.text)
    I2C_MasterHandler                        0x0000233f   Thumb Code   144  lpc17xx_i2c.o(.text)
    I2C_SlaveHandler                         0x000023cf   Thumb Code   148  lpc17xx_i2c.o(.text)
    I2C_MasterTransferData                   0x00002463   Thumb Code   214  lpc17xx_i2c.o(.text)
    I2C_SlaveTransferData                    0x00002539   Thumb Code   206  lpc17xx_i2c.o(.text)
    I2C_SetOwnSlaveAddr                      0x00002607   Thumb Code    90  lpc17xx_i2c.o(.text)
    I2C_MonitorModeConfig                    0x00002661   Thumb Code    26  lpc17xx_i2c.o(.text)
    I2C_MonitorModeCmd                       0x0000267b   Thumb Code    42  lpc17xx_i2c.o(.text)
    I2C_MonitorGetDatabuffer                 0x000026a5   Thumb Code     8  lpc17xx_i2c.o(.text)
    I2C_MonitorHandler                       0x000026ad   Thumb Code    40  lpc17xx_i2c.o(.text)
    I2C_MasterTransferComplete               0x000026d5   Thumb Code    30  lpc17xx_i2c.o(.text)
    I2C_SlaveTransferComplete                0x000026f3   Thumb Code    30  lpc17xx_i2c.o(.text)
    CLKPWR_SetPCLKDiv                        0x00002751   Thumb Code   106  lpc17xx_clkpwr.o(.text)
    CLKPWR_GetPCLKSEL                        0x000027bb   Thumb Code    32  lpc17xx_clkpwr.o(.text)
    CLKPWR_GetPCLK                           0x000027db   Thumb Code    58  lpc17xx_clkpwr.o(.text)
    CLKPWR_ConfigPPWR                        0x00002815   Thumb Code    50  lpc17xx_clkpwr.o(.text)
    CLKPWR_Sleep                             0x00002847   Thumb Code    10  lpc17xx_clkpwr.o(.text)
    CLKPWR_DeepSleep                         0x00002851   Thumb Code    16  lpc17xx_clkpwr.o(.text)
    CLKPWR_PowerDown                         0x00002861   Thumb Code    16  lpc17xx_clkpwr.o(.text)
    CLKPWR_DeepPowerDown                     0x00002871   Thumb Code    16  lpc17xx_clkpwr.o(.text)
    SysTick_Handler                          0x000028a1   Thumb Code    12  main.o(.text)
    delay                                    0x000028ad   Thumb Code    18  main.o(.text)
    delay_init                               0x000028bf   Thumb Code    80  main.o(.text)
    main                                     0x0000290f   Thumb Code  1022  main.o(.text)
    __aeabi_uldivmod                         0x00002d11   Thumb Code     0  lludivv7m.o(.text)
    _ll_udiv                                 0x00002d11   Thumb Code   238  lludivv7m.o(.text)
    _printf_pre_padding                      0x00002dff   Thumb Code    46  _printf_pad.o(.text)
    _printf_post_padding                     0x00002e2d   Thumb Code    36  _printf_pad.o(.text)
    _printf_int_dec                          0x00002e51   Thumb Code   102  _printf_dec.o(.text)
    __printf                                 0x00002ec9   Thumb Code   270  __printf_wp.o(.text)
    __aeabi_memclr4                          0x00002fd7   Thumb Code     0  rt_memclr_w.o(.text)
    __aeabi_memclr8                          0x00002fd7   Thumb Code     0  rt_memclr_w.o(.text)
    __rt_memclr_w                            0x00002fd7   Thumb Code    78  rt_memclr_w.o(.text)
    _memset_w                                0x00002fdb   Thumb Code     0  rt_memclr_w.o(.text)
    _printf_int_common                       0x00003025   Thumb Code   184  _printf_intcommon.o(.text)
    _printf_char_common                      0x000030e7   Thumb Code    32  _printf_char_common.o(.text)
    __user_setup_stackheap                   0x0000310d   Thumb Code    74  sys_stackheap_outer.o(.text)
    __user_libspace                          0x00003159   Thumb Code     8  libspace.o(.text)
    __user_perproc_libspace                  0x00003159   Thumb Code     0  libspace.o(.text)
    __user_perthread_libspace                0x00003159   Thumb Code     0  libspace.o(.text)
    _sys_exit                                0x00003161   Thumb Code     8  sys_exit.o(.text)
    _is_digit                                0x0000316d   Thumb Code    14  __printf_wp.o(i._is_digit)
    __aeabi_dadd                             0x0000317d   Thumb Code     0  daddsub_clz.o(x$fpl$dadd)
    _dadd                                    0x0000317d   Thumb Code   332  daddsub_clz.o(x$fpl$dadd)
    __fpl_dcmp_Inf                           0x000032cd   Thumb Code    24  dcmpi.o(x$fpl$dcmpinf)
    __aeabi_ddiv                             0x000032e5   Thumb Code     0  ddiv.o(x$fpl$ddiv)
    _ddiv                                    0x000032e5   Thumb Code   552  ddiv.o(x$fpl$ddiv)
    __aeabi_cdcmpeq                          0x00003595   Thumb Code     0  deqf.o(x$fpl$deqf)
    _dcmpeq                                  0x00003595   Thumb Code   120  deqf.o(x$fpl$deqf)
    __aeabi_d2uiz                            0x0000360d   Thumb Code     0  dfixu.o(x$fpl$dfixu)
    _dfixu                                   0x0000360d   Thumb Code    90  dfixu.o(x$fpl$dfixu)
    __aeabi_i2d                              0x00003667   Thumb Code     0  dflt_clz.o(x$fpl$dflt)
    _dflt                                    0x00003667   Thumb Code    46  dflt_clz.o(x$fpl$dflt)
    __aeabi_ui2d                             0x00003695   Thumb Code     0  dflt_clz.o(x$fpl$dfltu)
    _dfltu                                   0x00003695   Thumb Code    38  dflt_clz.o(x$fpl$dfltu)
    __aeabi_dmul                             0x000036bd   Thumb Code     0  dmul.o(x$fpl$dmul)
    _dmul                                    0x000036bd   Thumb Code   332  dmul.o(x$fpl$dmul)
    __fpl_dnaninf                            0x00003811   Thumb Code   156  dnaninf.o(x$fpl$dnaninf)
    __fpl_dretinf                            0x000038ad   Thumb Code    12  dretinf.o(x$fpl$dretinf)
    __aeabi_dsub                             0x000038b9   Thumb Code     0  daddsub_clz.o(x$fpl$dsub)
    _dsub                                    0x000038b9   Thumb Code   464  daddsub_clz.o(x$fpl$dsub)
    Font_6x8_h                               0x00003a8c   Data         896  glcd_spi_lpc1700.o(.constdata)
    Font_16x24_h                             0x00003e0c   Data        5376  glcd_spi_lpc1700.o(.constdata)
    Region$$Table$$Base                      0x0000530c   Number         0  anon$$obj.o(Region$$Table)
    Region$$Table$$Limit                     0x0000532c   Number         0  anon$$obj.o(Region$$Table)
    SystemCoreClock                          0x10000000   Data           4  system_lpc17xx.o(.data)
    DisplaySample                            0x1000000a   Data          12  touchpanel.o(.data)
    display                                  0x1000001a   Data           4  touchpanel.o(.data)
    Save0                                    0x10000024   Data           1  main.o(.data)
    Save1                                    0x10000025   Data           1  main.o(.data)
    SysTickCnt                               0x10000028   Data           4  main.o(.data)
    point                                    0x1000002c   Data           4  main.o(.data)
    point2                                   0x10000030   Data           4  main.o(.data)
    str                                      0x10000034   Data           1  main.o(.data)
    SaveOk                                   0x10000035   Data           1  main.o(.data)
    matrix                                   0x10000038   Data          56  touchpanel.o(.bss)
    ScreenSample                             0x10000070   Data          12  touchpanel.o(.bss)
    matrix2                                  0x100000b0   Data          56  main.o(.bss)
    __libspace_start                         0x100000e8   Data          96  libspace.o(.bss)
    __temporary_stack_top$libspace           0x10000148   Data           0  libspace.o(.bss)



==============================================================================

Memory Map of the image

  Image Entry point : 0x000000cd

  Load Region LR_IROM1 (Base: 0x00000000, Size: 0x00005364, Max: 0x00080000, ABSOLUTE)

    Execution Region ER_IROM1 (Base: 0x00000000, Size: 0x0000532c, Max: 0x00080000, ABSOLUTE)

    Base Addr    Size         Type   Attr      Idx    E Section Name        Object

    0x00000000   0x000000cc   Data   RO            3    RESET               startup_lpc17xx.o
    0x000000cc   0x00000008   Code   RO          328  * !!!main             c_w.l(__main.o)
    0x000000d4   0x00000034   Code   RO          532    !!!scatter          c_w.l(__scatter.o)
    0x00000108   0x0000001a   Code   RO          534    !!handler_copy      c_w.l(__scatter_copy.o)
    0x00000122   0x00000002   PAD
    0x00000124   0x0000001c   Code   RO          536    !!handler_zi        c_w.l(__scatter_zi.o)
    0x00000140   0x00000000   Code   RO          323    .ARM.Collect$$_printf_percent$$00000000  c_w.l(_printf_percent.o)
    0x00000140   0x00000006   Code   RO          322    .ARM.Collect$$_printf_percent$$00000009  c_w.l(_printf_d.o)
    0x00000146   0x00000004   Code   RO          365    .ARM.Collect$$_printf_percent$$00000017  c_w.l(_printf_percent_end.o)
    0x0000014a   0x00000002   Code   RO          405    .ARM.Collect$$libinit$$00000000  c_w.l(libinit.o)
    0x0000014c   0x00000000   Code   RO          418    .ARM.Collect$$libinit$$00000002  c_w.l(libinit2.o)
    0x0000014c   0x00000000   Code   RO          421    .ARM.Collect$$libinit$$00000008  c_w.l(libinit2.o)
    0x0000014c   0x00000000   Code   RO          423    .ARM.Collect$$libinit$$0000000A  c_w.l(libinit2.o)
    0x0000014c   0x00000000   Code   RO          425    .ARM.Collect$$libinit$$0000000C  c_w.l(libinit2.o)
    0x0000014c   0x00000000   Code   RO          428    .ARM.Collect$$libinit$$0000000F  c_w.l(libinit2.o)
    0x0000014c   0x00000000   Code   RO          430    .ARM.Collect$$libinit$$00000011  c_w.l(libinit2.o)
    0x0000014c   0x00000000   Code   RO          432    .ARM.Collect$$libinit$$00000013  c_w.l(libinit2.o)
    0x0000014c   0x00000000   Code   RO          434    .ARM.Collect$$libinit$$00000015  c_w.l(libinit2.o)
    0x0000014c   0x00000000   Code   RO          436    .ARM.Collect$$libinit$$00000017  c_w.l(libinit2.o)
    0x0000014c   0x00000000   Code   RO          438    .ARM.Collect$$libinit$$00000019  c_w.l(libinit2.o)
    0x0000014c   0x00000000   Code   RO          440    .ARM.Collect$$libinit$$0000001B  c_w.l(libinit2.o)
    0x0000014c   0x00000000   Code   RO          442    .ARM.Collect$$libinit$$0000001D  c_w.l(libinit2.o)
    0x0000014c   0x00000000   Code   RO          444    .ARM.Collect$$libinit$$0000001F  c_w.l(libinit2.o)
    0x0000014c   0x00000000   Code   RO          446    .ARM.Collect$$libinit$$00000021  c_w.l(libinit2.o)
    0x0000014c   0x00000000   Code   RO          448    .ARM.Collect$$libinit$$00000023  c_w.l(libinit2.o)
    0x0000014c   0x00000000   Code   RO          452    .ARM.Collect$$libinit$$0000002A  c_w.l(libinit2.o)
    0x0000014c   0x00000000   Code   RO          454    .ARM.Collect$$libinit$$0000002C  c_w.l(libinit2.o)
    0x0000014c   0x00000000   Code   RO          456    .ARM.Collect$$libinit$$0000002E  c_w.l(libinit2.o)
    0x0000014c   0x00000000   Code   RO          458    .ARM.Collect$$libinit$$00000030  c_w.l(libinit2.o)
    0x0000014c   0x00000002   Code   RO          459    .ARM.Collect$$libinit$$00000031  c_w.l(libinit2.o)
    0x0000014e   0x00000002   Code   RO          490    .ARM.Collect$$libshutdown$$00000000  c_w.l(libshutdown.o)
    0x00000150   0x00000000   Code   RO          517    .ARM.Collect$$libshutdown$$00000003  c_w.l(libshutdown2.o)
    0x00000150   0x00000000   Code   RO          520    .ARM.Collect$$libshutdown$$00000006  c_w.l(libshutdown2.o)
    0x00000150   0x00000000   Code   RO          523    .ARM.Collect$$libshutdown$$00000009  c_w.l(libshutdown2.o)
    0x00000150   0x00000000   Code   RO          525    .ARM.Collect$$libshutdown$$0000000B  c_w.l(libshutdown2.o)
    0x00000150   0x00000000   Code   RO          528    .ARM.Collect$$libshutdown$$0000000E  c_w.l(libshutdown2.o)
    0x00000150   0x00000002   Code   RO          529    .ARM.Collect$$libshutdown$$0000000F  c_w.l(libshutdown2.o)
    0x00000152   0x00000000   Code   RO          354    .ARM.Collect$$rtentry$$00000000  c_w.l(rtentry.o)
    0x00000152   0x00000000   Code   RO          374    .ARM.Collect$$rtentry$$00000002  c_w.l(rtentry2.o)
    0x00000152   0x00000006   Code   RO          386    .ARM.Collect$$rtentry$$00000004  c_w.l(rtentry4.o)
    0x00000158   0x00000000   Code   RO          376    .ARM.Collect$$rtentry$$00000009  c_w.l(rtentry2.o)
    0x00000158   0x00000004   Code   RO          377    .ARM.Collect$$rtentry$$0000000A  c_w.l(rtentry2.o)
    0x0000015c   0x00000000   Code   RO          379    .ARM.Collect$$rtentry$$0000000C  c_w.l(rtentry2.o)
    0x0000015c   0x00000008   Code   RO          380    .ARM.Collect$$rtentry$$0000000D  c_w.l(rtentry2.o)
    0x00000164   0x00000002   Code   RO          409    .ARM.Collect$$rtexit$$00000000  c_w.l(rtexit.o)
    0x00000166   0x00000000   Code   RO          463    .ARM.Collect$$rtexit$$00000002  c_w.l(rtexit2.o)
    0x00000166   0x00000004   Code   RO          464    .ARM.Collect$$rtexit$$00000003  c_w.l(rtexit2.o)
    0x0000016a   0x00000006   Code   RO          465    .ARM.Collect$$rtexit$$00000004  c_w.l(rtexit2.o)
    0x00000170   0x00000004   Code   RO           58    .emb_text           glcd_spi_lpc1700.o
    0x00000174   0x00000040   Code   RO            5    .text               startup_lpc17xx.o
    0x000001b4   0x00000100   Code   RO          227    .text               lpc17xx_pinsel.o
    0x000002b4   0x00000028   Code   RO          294    .text               c_w.l(noretval__2sprintf.o)
    0x000002dc   0x00000006   Code   RO          326    .text               c_w.l(heapauxi.o)
    0x000002e2   0x0000000a   Code   RO          363    .text               c_w.l(_sputc.o)
    0x000002ec   0x0000000c   Code   RO          394    .text               c_w.l(exit.o)
    0x000002f8   0x00000002   Code   RO          479    .text               c_w.l(use_no_semi.o)
    0x000002fa   0x00000000   Code   RO          481    .text               c_w.l(indicate_semi.o)
    0x000002fa   0x00000000   Code   RO          372    x$fpl$usenofp       fz_ws.l(usenofp.o)
    0x000002fa   0x00000002   PAD
    0x000002fc   0x00000004   Code   RO            4    .ARM.__at_0x02FC    startup_lpc17xx.o
    0x00000300   0x00000318   Code   RO           15    .text               system_lpc17xx.o
    0x00000618   0x00000e30   Code   RO           59    .text               glcd_spi_lpc1700.o
    0x00001448   0x00000600   Code   RO          106    .text               touchpanel.o
    0x00001a48   0x0000042e   Code   RO          133    .text               ht24lc.o
    0x00001e76   0x00000002   PAD
    0x00001e78   0x000008d8   Code   RO          165    .text               lpc17xx_i2c.o
    0x00002750   0x00000150   Code   RO          207    .text               lpc17xx_clkpwr.o
    0x000028a0   0x00000470   Code   RO          247    .text               main.o
    0x00002d10   0x000000ee   Code   RO          290    .text               c_w.l(lludivv7m.o)
    0x00002dfe   0x00000052   Code   RO          298    .text               c_w.l(_printf_pad.o)
    0x00002e50   0x00000078   Code   RO          300    .text               c_w.l(_printf_dec.o)
    0x00002ec8   0x0000010e   Code   RO          310    .text               c_w.l(__printf_wp.o)
    0x00002fd6   0x0000004e   Code   RO          324    .text               c_w.l(rt_memclr_w.o)
    0x00003024   0x000000b8   Code   RO          359    .text               c_w.l(_printf_intcommon.o)
    0x000030dc   0x00000030   Code   RO          361    .text               c_w.l(_printf_char_common.o)
    0x0000310c   0x0000004a   Code   RO          392    .text               c_w.l(sys_stackheap_outer.o)
    0x00003156   0x00000002   PAD
    0x00003158   0x00000008   Code   RO          406    .text               c_w.l(libspace.o)
    0x00003160   0x0000000c   Code   RO          460    .text               c_w.l(sys_exit.o)
    0x0000316c   0x0000000e   Code   RO          312    i._is_digit         c_w.l(__printf_wp.o)
    0x0000317a   0x00000002   PAD
    0x0000317c   0x00000150   Code   RO          330    x$fpl$dadd          fz_ws.l(daddsub_clz.o)
    0x000032cc   0x00000018   Code   RO          366    x$fpl$dcmpinf       fz_ws.l(dcmpi.o)
    0x000032e4   0x000002b0   Code   RO          337    x$fpl$ddiv          fz_ws.l(ddiv.o)
    0x00003594   0x00000078   Code   RO          340    x$fpl$deqf          fz_ws.l(deqf.o)
    0x0000360c   0x0000005a   Code   RO          342    x$fpl$dfixu         fz_ws.l(dfixu.o)
    0x00003666   0x0000002e   Code   RO          347    x$fpl$dflt          fz_ws.l(dflt_clz.o)
    0x00003694   0x00000026   Code   RO          346    x$fpl$dfltu         fz_ws.l(dflt_clz.o)
    0x000036ba   0x00000002   PAD
    0x000036bc   0x00000154   Code   RO          352    x$fpl$dmul          fz_ws.l(dmul.o)
    0x00003810   0x0000009c   Code   RO          368    x$fpl$dnaninf       fz_ws.l(dnaninf.o)
    0x000038ac   0x0000000c   Code   RO          370    x$fpl$dretinf       fz_ws.l(dretinf.o)
    0x000038b8   0x000001d4   Code   RO          332    x$fpl$dsub          fz_ws.l(daddsub_clz.o)
    0x00003a8c   0x00001880   Data   RO           60    .constdata          glcd_spi_lpc1700.o
    0x0000530c   0x00000020   Data   RO          530    Region$$Table       anon$$obj.o


    Execution Region RW_IRAM1 (Base: 0x10000000, Size: 0x00000748, Max: 0x00008000, ABSOLUTE)

    Base Addr    Size         Type   Attr      Idx    E Section Name        Object

    0x10000000   0x00000004   Data   RW           16    .data               system_lpc17xx.o
    0x10000004   0x00000006   Data   RW           61    .data               glcd_spi_lpc1700.o
    0x1000000a   0x00000014   Data   RW          108    .data               touchpanel.o
    0x1000001e   0x00000002   PAD
    0x10000020   0x00000004   Data   RW          167    .data               lpc17xx_i2c.o
    0x10000024   0x00000012   Data   RW          249    .data               main.o
    0x10000036   0x00000002   PAD
    0x10000038   0x00000044   Zero   RW          107    .bss                touchpanel.o
    0x1000007c   0x00000030   Zero   RW          166    .bss                lpc17xx_i2c.o
    0x100000ac   0x00000004   PAD
    0x100000b0   0x00000038   Zero   RW          248    .bss                main.o
    0x100000e8   0x00000060   Zero   RW          407    .bss                c_w.l(libspace.o)
    0x10000148   0x00000400   Zero   RW            2    HEAP                startup_lpc17xx.o
    0x10000548   0x00000200   Zero   RW            1    STACK               startup_lpc17xx.o


==============================================================================

Image component sizes


      Code (inc. data)   RO Data    RW Data    ZI Data      Debug   Object Name

      3636         44       6272          6          0      10167   glcd_spi_lpc1700.o
      1070         12          0          0          0      12058   ht24lc.o
       336         32          0          0          0       1743   lpc17xx_clkpwr.o
      2264         56          0          4         48      38813   lpc17xx_i2c.o
       256          4          0          0          0       2077   lpc17xx_pinsel.o
      1136        128          0         18         56      26764   main.o
        68         30        204          0       1536        972   startup_lpc17xx.o
       792         78          0          4          0      21857   system_lpc17xx.o
      1536         28          0         20         68       4766   touchpanel.o

    ----------------------------------------------------------------------
     11096        412       6508         56       1712     119217   Object Totals
         0          0         32          0          0          0   (incl. Generated)
         2          0          0          4          4          0   (incl. Padding)

    ----------------------------------------------------------------------

      Code (inc. data)   RO Data    RW Data    ZI Data      Debug   Library Member Name

         8          0          0          0          0         68   __main.o
       284          0          0          0          0        156   __printf_wp.o
        52          8          0          0          0          0   __scatter.o
        26          0          0          0          0          0   __scatter_copy.o
        28          0          0          0          0          0   __scatter_zi.o
        48          6          0          0          0         96   _printf_char_common.o
         6          0          0          0          0          0   _printf_d.o
       120         18          0          0          0         92   _printf_dec.o
       184          0          0          0          0         88   _printf_intcommon.o
        82          0          0          0          0        108   _printf_pad.o
         0          0          0          0          0          0   _printf_percent.o
         4          0          0          0          0          0   _printf_percent_end.o
        10          0          0          0          0         68   _sputc.o
        12          0          0          0          0         72   exit.o
         6          0          0          0          0        152   heapauxi.o
         0          0          0          0          0          0   indicate_semi.o
         2          0          0          0          0          0   libinit.o
         2          0          0          0          0          0   libinit2.o
         2          0          0          0          0          0   libshutdown.o
         2          0          0          0          0          0   libshutdown2.o
         8          4          0          0         96         68   libspace.o
       238          0          0          0          0        100   lludivv7m.o
        40          6          0          0          0         84   noretval__2sprintf.o
        78          0          0          0          0         80   rt_memclr_w.o
         0          0          0          0          0          0   rtentry.o
        12          0          0          0          0          0   rtentry2.o
         6          0          0          0          0          0   rtentry4.o
         2          0          0          0          0          0   rtexit.o
        10          0          0          0          0          0   rtexit2.o
        12          4          0          0          0         68   sys_exit.o
        74          0          0          0          0         80   sys_stackheap_outer.o
         2          0          0          0          0         68   use_no_semi.o
       804         16          0          0          0        280   daddsub_clz.o
        24          0          0          0          0         68   dcmpi.o
       688        140          0          0          0        212   ddiv.o
       120          4          0          0          0         92   deqf.o
        90          4          0          0          0         92   dfixu.o
        84          0          0          0          0        136   dflt_clz.o
       340         12          0          0          0        104   dmul.o
       156          4          0          0          0         92   dnaninf.o
        12          0          0          0          0         68   dretinf.o
         0          0          0          0          0          0   usenofp.o

    ----------------------------------------------------------------------
      3688        226          0          0         96       2592   Library Totals
        10          0          0          0          0          0   (incl. Padding)

    ----------------------------------------------------------------------

      Code (inc. data)   RO Data    RW Data    ZI Data      Debug   Library Name

      1360         46          0          0         96       1448   c_w.l
      2318        180          0          0          0       1144   fz_ws.l

    ----------------------------------------------------------------------
      3688        226          0          0         96       2592   Library Totals

    ----------------------------------------------------------------------

==============================================================================


      Code (inc. data)   RO Data    RW Data    ZI Data      Debug   

     14784        638       6508         56       1808     119573   Grand Totals
     14784        638       6508         56       1808     119573   ELF Image Totals
     14784        638       6508         56          0          0   ROM Totals

==============================================================================

    Total RO  Size (Code + RO Data)                21292 (  20.79kB)
    Total RW  Size (RW Data + ZI Data)              1864 (   1.82kB)
    Total ROM Size (Code + RO Data + RW Data)      21348 (  20.85kB)

==============================================================================

